Archive member included to satisfy reference by file (symbol)

/usr/local/avr8-gnu-toolchain-linux_x86_64/bin/../lib/gcc/avr/5.4.0/avr35/libgcc.a(_mulhi3.o)
                              reflow.o (__mulhi3)
/usr/local/avr8-gnu-toolchain-linux_x86_64/bin/../lib/gcc/avr/5.4.0/avr35/libgcc.a(_mulsi3.o)
                              reflow.o (__mulsi3)
/usr/local/avr8-gnu-toolchain-linux_x86_64/bin/../lib/gcc/avr/5.4.0/avr35/libgcc.a(_udivmodhi4.o)
                              reflow.o (__udivmodhi4)
/usr/local/avr8-gnu-toolchain-linux_x86_64/bin/../lib/gcc/avr/5.4.0/avr35/libgcc.a(_exit.o)
                              /usr/local/avr8-gnu-toolchain-linux_x86_64/bin/../lib/gcc/avr/5.4.0/../../../../avr/lib/avr35/crtatmega8u2.o (exit)
/usr/local/avr8-gnu-toolchain-linux_x86_64/bin/../lib/gcc/avr/5.4.0/avr35/libgcc.a(_tablejump2.o)
                              LUFA/Drivers/USB/Core/DeviceStandardReq.o (__tablejump2__)
/usr/local/avr8-gnu-toolchain-linux_x86_64/bin/../lib/gcc/avr/5.4.0/avr35/libgcc.a(_copy_data.o)
                              reflow.o (__do_copy_data)
/usr/local/avr8-gnu-toolchain-linux_x86_64/bin/../lib/gcc/avr/5.4.0/avr35/libgcc.a(_clear_bss.o)
                              reflow.o (__do_clear_bss)
/usr/local/avr8-gnu-toolchain-linux_x86_64/bin/../lib/gcc/avr/5.4.0/../../../../avr/lib/avr35/libc.a(memcpy_P.o)
                              LUFA/Drivers/USB/Class/Device/RNDISClassDevice.o (memcpy_P)
/usr/local/avr8-gnu-toolchain-linux_x86_64/bin/../lib/gcc/avr/5.4.0/../../../../avr/lib/avr35/libc.a(memcmp.o)
                              LUFA/Drivers/USB/Class/Device/HIDClassDevice.o (memcmp)
/usr/local/avr8-gnu-toolchain-linux_x86_64/bin/../lib/gcc/avr/5.4.0/../../../../avr/lib/avr35/libc.a(memcpy.o)
                              LUFA/Drivers/USB/Class/Device/HIDClassDevice.o (memcpy)
/usr/local/avr8-gnu-toolchain-linux_x86_64/bin/../lib/gcc/avr/5.4.0/../../../../avr/lib/avr35/libc.a(memset.o)
                              LUFA/Drivers/USB/Class/Device/HIDClassDevice.o (memset)
/usr/local/avr8-gnu-toolchain-linux_x86_64/bin/../lib/gcc/avr/5.4.0/../../../../avr/lib/avr35/libc.a(fgetc.o)
                              reflow.o (fgetc)
/usr/local/avr8-gnu-toolchain-linux_x86_64/bin/../lib/gcc/avr/5.4.0/../../../../avr/lib/avr35/libc.a(fprintf.o)
                              reflow.o (fprintf)
/usr/local/avr8-gnu-toolchain-linux_x86_64/bin/../lib/gcc/avr/5.4.0/../../../../avr/lib/avr35/libc.a(fputc.o)
                              reflow.o (fputc)
/usr/local/avr8-gnu-toolchain-linux_x86_64/bin/../lib/gcc/avr/5.4.0/../../../../avr/lib/avr35/libc.a(vfprintf_std.o)
                              /usr/local/avr8-gnu-toolchain-linux_x86_64/bin/../lib/gcc/avr/5.4.0/../../../../avr/lib/avr35/libc.a(fprintf.o) (vfprintf)
/usr/local/avr8-gnu-toolchain-linux_x86_64/bin/../lib/gcc/avr/5.4.0/../../../../avr/lib/avr35/libc.a(strnlen_P.o)
                              /usr/local/avr8-gnu-toolchain-linux_x86_64/bin/../lib/gcc/avr/5.4.0/../../../../avr/lib/avr35/libc.a(vfprintf_std.o) (strnlen_P)
/usr/local/avr8-gnu-toolchain-linux_x86_64/bin/../lib/gcc/avr/5.4.0/../../../../avr/lib/avr35/libc.a(strnlen.o)
                              /usr/local/avr8-gnu-toolchain-linux_x86_64/bin/../lib/gcc/avr/5.4.0/../../../../avr/lib/avr35/libc.a(vfprintf_std.o) (strnlen)
/usr/local/avr8-gnu-toolchain-linux_x86_64/bin/../lib/gcc/avr/5.4.0/../../../../avr/lib/avr35/libc.a(ultoa_invert.o)
                              /usr/local/avr8-gnu-toolchain-linux_x86_64/bin/../lib/gcc/avr/5.4.0/../../../../avr/lib/avr35/libc.a(vfprintf_std.o) (__ultoa_invert)
/usr/local/avr8-gnu-toolchain-linux_x86_64/bin/../lib/gcc/avr/5.4.0/../../../../avr/lib/avr35/libatmega8u2.a(eerd_block.o)
                              reflow.o (eeprom_read_block)
/usr/local/avr8-gnu-toolchain-linux_x86_64/bin/../lib/gcc/avr/5.4.0/../../../../avr/lib/avr35/libatmega8u2.a(eerd_byte.o)
                              LUFA/Drivers/USB/Core/AVR8/EndpointStream_AVR8.o (eeprom_read_byte)
/usr/local/avr8-gnu-toolchain-linux_x86_64/bin/../lib/gcc/avr/5.4.0/../../../../avr/lib/avr35/libatmega8u2.a(eeupd_block.o)
                              reflow.o (eeprom_update_block)
/usr/local/avr8-gnu-toolchain-linux_x86_64/bin/../lib/gcc/avr/5.4.0/../../../../avr/lib/avr35/libatmega8u2.a(eeupd_byte.o)
                              LUFA/Drivers/USB/Core/AVR8/EndpointStream_AVR8.o (eeprom_update_byte)
/usr/local/avr8-gnu-toolchain-linux_x86_64/bin/../lib/gcc/avr/5.4.0/avr35/libgcc.a(_mulqi3.o)
                              /usr/local/avr8-gnu-toolchain-linux_x86_64/bin/../lib/gcc/avr/5.4.0/../../../../avr/lib/avr35/libc.a(vfprintf_std.o) (__mulqi3)
/usr/local/avr8-gnu-toolchain-linux_x86_64/bin/../lib/gcc/avr/5.4.0/avr35/libgcc.a(_prologue.o)
                              /usr/local/avr8-gnu-toolchain-linux_x86_64/bin/../lib/gcc/avr/5.4.0/../../../../avr/lib/avr35/libc.a(fprintf.o) (__prologue_saves__)
[...]
Memory Configuration

Name             Origin             Length             Attributes
text             0x0000000000000000 0x0000000000010000 xr
data             0x0000000000800060 0x000000000000ffa0 rw !x
eeprom           0x0000000000810000 0x0000000000010000 rw !x
fuse             0x0000000000820000 0x0000000000000003 rw !x
lock             0x0000000000830000 0x0000000000000400 rw !x
signature        0x0000000000840000 0x0000000000000400 rw !x
user_signatures  0x0000000000850000 0x0000000000000400 rw !x
*default*        0x0000000000000000 0xffffffffffffffff

Linker script and memory map

Address of section .data set to 0x800100
LOAD /usr/local/avr8-gnu-toolchain-linux_x86_64/bin/../lib/gcc/avr/5.4.0/../../../../avr/lib/avr35/crtatmega8u2.o
LOAD reflow.o
LOAD Descriptors.o
LOAD LUFA/Drivers/USB/Class/Common/HIDParser.o
LOAD LUFA/Drivers/USB/Core/AVR8/Device_AVR8.o
LOAD LUFA/Drivers/USB/Core/AVR8/EndpointStream_AVR8.o
LOAD LUFA/Drivers/USB/Core/AVR8/Endpoint_AVR8.o
LOAD LUFA/Drivers/USB/Core/AVR8/Host_AVR8.o
LOAD LUFA/Drivers/USB/Core/AVR8/PipeStream_AVR8.o
LOAD LUFA/Drivers/USB/Core/AVR8/Pipe_AVR8.o
LOAD LUFA/Drivers/USB/Core/AVR8/USBController_AVR8.o
LOAD LUFA/Drivers/USB/Core/AVR8/USBInterrupt_AVR8.o
LOAD LUFA/Drivers/USB/Core/ConfigDescriptors.o
LOAD LUFA/Drivers/USB/Core/DeviceStandardReq.o
LOAD LUFA/Drivers/USB/Core/Events.o
LOAD LUFA/Drivers/USB/Core/HostStandardReq.o
LOAD LUFA/Drivers/USB/Core/USBTask.o
LOAD LUFA/Drivers/USB/Class/Device/AudioClassDevice.o
LOAD LUFA/Drivers/USB/Class/Device/CDCClassDevice.o
LOAD LUFA/Drivers/USB/Class/Device/HIDClassDevice.o
LOAD LUFA/Drivers/USB/Class/Device/MassStorageClassDevice.o
LOAD LUFA/Drivers/USB/Class/Device/MIDIClassDevice.o
LOAD LUFA/Drivers/USB/Class/Device/RNDISClassDevice.o
LOAD LUFA/Drivers/USB/Class/Host/AndroidAccessoryClassHost.o
LOAD LUFA/Drivers/USB/Class/Host/AudioClassHost.o
LOAD LUFA/Drivers/USB/Class/Host/CDCClassHost.o
LOAD LUFA/Drivers/USB/Class/Host/HIDClassHost.o
LOAD LUFA/Drivers/USB/Class/Host/MassStorageClassHost.o
LOAD LUFA/Drivers/USB/Class/Host/MIDIClassHost.o
LOAD LUFA/Drivers/USB/Class/Host/PrinterClassHost.o
LOAD LUFA/Drivers/USB/Class/Host/RNDISClassHost.o
LOAD LUFA/Drivers/USB/Class/Host/StillImageClassHost.o
LOAD /usr/local/avr8-gnu-toolchain-linux_x86_64/bin/../lib/gcc/avr/5.4.0/../../../../avr/lib/avr35/libm.a
START GROUP
LOAD /usr/local/avr8-gnu-toolchain-linux_x86_64/bin/../lib/gcc/avr/5.4.0/avr35/libgcc.a
LOAD /usr/local/avr8-gnu-toolchain-linux_x86_64/bin/../lib/gcc/avr/5.4.0/../../../../avr/lib/avr35/libm.a
LOAD /usr/local/avr8-gnu-toolchain-linux_x86_64/bin/../lib/gcc/avr/5.4.0/../../../../avr/lib/avr35/libc.a
LOAD /usr/local/avr8-gnu-toolchain-linux_x86_64/bin/../lib/gcc/avr/5.4.0/../../../../avr/lib/avr35/libatmega8u2.a
END GROUP
                0x0000000000010000                __TEXT_REGION_LENGTH__ = DEFINED (__TEXT_REGION_LENGTH__)?__TEXT_REGION_LENGTH__:0x10000
                0x000000000000ffa0                __DATA_REGION_LENGTH__ = DEFINED (__DATA_REGION_LENGTH__)?__DATA_REGION_LENGTH__:0xffa0
                0x0000000000010000                __EEPROM_REGION_LENGTH__ = DEFINED (__EEPROM_REGION_LENGTH__)?__EEPROM_REGION_LENGTH__:0x10000
                [0x0000000000000003]                __FUSE_REGION_LENGTH__ = DEFINED (__FUSE_REGION_LENGTH__)?__FUSE_REGION_LENGTH__:0x400
                0x0000000000000400                __LOCK_REGION_LENGTH__ = DEFINED (__LOCK_REGION_LENGTH__)?__LOCK_REGION_LENGTH__:0x400
                0x0000000000000400                __SIGNATURE_REGION_LENGTH__ = DEFINED (__SIGNATURE_REGION_LENGTH__)?__SIGNATURE_REGION_LENGTH__:0x400
                0x0000000000000400                __USER_SIGNATURE_REGION_LENGTH__ = DEFINED (__USER_SIGNATURE_REGION_LENGTH__)?__USER_SIGNATURE_REGION_LENGTH__:0x400

.hash
 *(.hash)

.dynsym
 *(.dynsym)

.dynstr
 *(.dynstr)

.gnu.version
 *(.gnu.version)

.gnu.version_d
 *(.gnu.version_d)

.gnu.version_r
 *(.gnu.version_r)

.rel.init
 *(.rel.init)

.rela.init
 *(.rela.init)

.rel.text
 *(.rel.text)
 *(.rel.text.*)
 *(.rel.gnu.linkonce.t*)

.rela.text
 *(.rela.text)
 *(.rela.text.*)
 *(.rela.gnu.linkonce.t*)

.rel.fini
 *(.rel.fini)

.rela.fini
 *(.rela.fini)

.rel.rodata
 *(.rel.rodata)
 *(.rel.rodata.*)
 *(.rel.gnu.linkonce.r*)

.rela.rodata
 *(.rela.rodata)
 *(.rela.rodata.*)
 *(.rela.gnu.linkonce.r*)

.rel.data
 *(.rel.data)
 *(.rel.data.*)
 *(.rel.gnu.linkonce.d*)

.rela.data
 *(.rela.data)
 *(.rela.data.*)
 *(.rela.gnu.linkonce.d*)

.rel.ctors
 *(.rel.ctors)

.rela.ctors
 *(.rela.ctors)

.rel.dtors
 *(.rel.dtors)

.rela.dtors
 *(.rela.dtors)

.rel.got
 *(.rel.got)

.rela.got
 *(.rela.got)

.rel.bss
 *(.rel.bss)

.rela.bss
 *(.rela.bss)

.rel.plt
 *(.rel.plt)

.rela.plt
 *(.rela.plt)

.text           0x0000000000000000     0x1bfc
 *(.vectors)
 .vectors       0x0000000000000000       0x74 /usr/local/avr8-gnu-toolchain-linux_x86_64/bin/../lib/gcc/avr/5.4.0/../../../../avr/lib/avr35/crtatmega8u2.o
                0x0000000000000000                __vectors
                0x0000000000000000                __vector_default
 *(.vectors)
 *(.progmem.gcc*)
 .progmem.gcc_sw_table.USB_Device_ProcessControlRequest
                0x0000000000000074       0x14 LUFA/Drivers/USB/Core/DeviceStandardReq.o
                0x0000000000000088                . = ALIGN (0x2)
                0x0000000000000088                __trampolines_start = .
 *(.trampolines)
 .trampolines   0x0000000000000088        0x0 linker stubs
 *(.trampolines*)
                0x0000000000000088                __trampolines_end = .
 *libprintf_flt.a:*(.progmem.data)
 *libc.a:*(.progmem.data)
 *(.progmem*)
 .progmem.data  0x0000000000000088       0xa4 Descriptors.o
                0x0000000000000088                ProductString
                0x00000000000000b8                ManufacturerString
                0x00000000000000d8                LanguageString
                0x00000000000000dc                ConfigurationDescriptor
                0x000000000000011a                DeviceDescriptor
                0x000000000000012c                . = ALIGN (0x2)
 *(.jumptables)
 *(.jumptables*)
 *(.lowtext)
 *(.lowtext*)
                0x000000000000012c                __ctors_start = .
 *(.ctors)
                0x000000000000012c                __ctors_end = .
                0x000000000000012c                __dtors_start = .
 *(.dtors)
                0x000000000000012c                __dtors_end = .
 SORT(*)(.ctors)
 SORT(*)(.dtors)
 *(.init0)
 .init0         0x000000000000012c        0x0 /usr/local/avr8-gnu-toolchain-linux_x86_64/bin/../lib/gcc/avr/5.4.0/../../../../avr/lib/avr35/crtatmega8u2.o
                0x000000000000012c                __init
 *(.init0)
 *(.init1)
 *(.init1)
 *(.init2)
 .init2         0x000000000000012c        0xc /usr/local/avr8-gnu-toolchain-linux_x86_64/bin/../lib/gcc/avr/5.4.0/../../../../avr/lib/avr35/crtatmega8u2.o
 *(.init2)
 *(.init3)
 *(.init3)
 *(.init4)
 .init4         0x0000000000000138       0x16 /usr/local/avr8-gnu-toolchain-linux_x86_64/bin/../lib/gcc/avr/5.4.0/avr35/libgcc.a(_copy_data.o)
                0x0000000000000138                __do_copy_data
 .init4         0x000000000000014e       0x10 /usr/local/avr8-gnu-toolchain-linux_x86_64/bin/../lib/gcc/avr/5.4.0/avr35/libgcc.a(_clear_bss.o)
                0x000000000000014e                __do_clear_bss
 *(.init4)
 *(.init5)
 *(.init5)
 *(.init6)
 *(.init6)
 *(.init7)
 *(.init7)
 *(.init8)
 *(.init8)
 *(.init9)
 .init9         0x000000000000015e        0x4 /usr/local/avr8-gnu-toolchain-linux_x86_64/bin/../lib/gcc/avr/5.4.0/../../../../avr/lib/avr35/crtatmega8u2.o
 *(.init9)
 *(.text)
 .text          0x0000000000000162        0x2 /usr/local/avr8-gnu-toolchain-linux_x86_64/bin/../lib/gcc/avr/5.4.0/../../../../avr/lib/avr35/crtatmega8u2.o
                0x0000000000000162                __vector_22
                0x0000000000000162                __vector_28
                0x0000000000000162                __vector_1
                0x0000000000000162                __vector_24
                0x0000000000000162                __bad_interrupt
                0x0000000000000162                __vector_6
                0x0000000000000162                __vector_3
                0x0000000000000162                __vector_23
                0x0000000000000162                __vector_25
                0x0000000000000162                __vector_13
                0x0000000000000162                __vector_17
                0x0000000000000162                __vector_19
                0x0000000000000162                __vector_7
                0x0000000000000162                __vector_27
                0x0000000000000162                __vector_5
                0x0000000000000162                __vector_4
                0x0000000000000162                __vector_9
                0x0000000000000162                __vector_2
                0x0000000000000162                __vector_21
                0x0000000000000162                __vector_15
                0x0000000000000162                __vector_8
                0x0000000000000162                __vector_26
                0x0000000000000162                __vector_14
                0x0000000000000162                __vector_10
                0x0000000000000162                __vector_18
                0x0000000000000162                __vector_20
                0x0000000000000164                . = ALIGN (0x2)
 *(.text.*)
 .text.set_profile
                0x0000000000000164        0xe reflow.o
                0x0000000000000164                set_profile
 .text.write_profile
                0x0000000000000172      0x120 reflow.o
                0x0000000000000172                write_profile
 .text.output_profile
                0x0000000000000292       0x7a reflow.o
                0x0000000000000292                output_profile
 .text.target_temp
                0x000000000000030c      0x150 reflow.o
                0x000000000000030c                target_temp
 .text.usb_rx   0x000000000000045c       0x56 reflow.o
                0x000000000000045c                usb_rx
 .text.read_sensor
                0x00000000000004b2       0xce reflow.o
                0x00000000000004b2                read_sensor
 .text.setupHardware
                0x0000000000000580       0x8c reflow.o
                0x0000000000000580                setupHardware
 .text.approx_pwm
                0x000000000000060c       0x1c reflow.o
                0x000000000000060c                approx_pwm
 .text.pid      0x0000000000000628      0x1b0 reflow.o
                0x0000000000000628                pid
 .text.startup.main
                0x00000000000007d8      0x130 reflow.o
                0x00000000000007d8                main
 .text.__vector_16
                0x0000000000000908       0x1e reflow.o
                0x0000000000000908                __vector_16
 .text.EVENT_USB_Device_Connect
                0x0000000000000926        0x8 reflow.o
                0x0000000000000926                EVENT_USB_Device_Connect
 .text.EVENT_USB_Device_Disconnect
                0x000000000000092e        0x6 reflow.o
                0x000000000000092e                EVENT_USB_Device_Disconnect
 .text.EVENT_USB_Device_ConfigurationChanged
                0x0000000000000934        0x6 reflow.o
                0x0000000000000934                EVENT_USB_Device_ConfigurationChanged
 .text.EVENT_USB_Device_ControlRequest
                0x000000000000093a        0x6 reflow.o
                0x000000000000093a                EVENT_USB_Device_ControlRequest
 .text.CALLBACK_USB_GetDescriptor
                0x0000000000000940       0x60 Descriptors.o
                0x0000000000000940                CALLBACK_USB_GetDescriptor
 .text.Endpoint_Write_Control_Stream_LE
                0x00000000000009a0       0xae LUFA/Drivers/USB/Core/AVR8/EndpointStream_AVR8.o
                0x00000000000009a0                Endpoint_Write_Control_Stream_LE
 .text.Endpoint_Write_Control_PStream_LE
                0x0000000000000a4e       0xb0 LUFA/Drivers/USB/Core/AVR8/EndpointStream_AVR8.o
                0x0000000000000a4e                Endpoint_Write_Control_PStream_LE
 .text.Endpoint_ConfigureEndpoint_Prv
                0x0000000000000afe       0x6a LUFA/Drivers/USB/Core/AVR8/Endpoint_AVR8.o
                0x0000000000000afe                Endpoint_ConfigureEndpoint_Prv
 .text.Endpoint_ConfigureEndpointTable
                0x0000000000000b68       0x7a LUFA/Drivers/USB/Core/AVR8/Endpoint_AVR8.o
                0x0000000000000b68                Endpoint_ConfigureEndpointTable
 .text.Endpoint_ClearStatusStage
                0x0000000000000be2       0x3e LUFA/Drivers/USB/Core/AVR8/Endpoint_AVR8.o
                0x0000000000000be2                Endpoint_ClearStatusStage
 .text.Endpoint_WaitUntilReady
                0x0000000000000c20       0x66 LUFA/Drivers/USB/Core/AVR8/Endpoint_AVR8.o
                0x0000000000000c20                Endpoint_WaitUntilReady
 .text.USB_ResetInterface
                0x0000000000000c86       0x70 LUFA/Drivers/USB/Core/AVR8/USBController_AVR8.o
                0x0000000000000c86                USB_ResetInterface
 .text.USB_Init
                0x0000000000000cf6       0x12 LUFA/Drivers/USB/Core/AVR8/USBController_AVR8.o
                0x0000000000000cf6                USB_Init
 .text.USB_INT_DisableAllInterrupts
                0x0000000000000d08        0x6 LUFA/Drivers/USB/Core/AVR8/USBInterrupt_AVR8.o
                0x0000000000000d08                USB_INT_DisableAllInterrupts
 .text.USB_INT_ClearAllInterrupts
                0x0000000000000d0e        0x6 LUFA/Drivers/USB/Core/AVR8/USBInterrupt_AVR8.o
                0x0000000000000d0e                USB_INT_ClearAllInterrupts
 .text.__vector_11
                0x0000000000000d14      0x14c LUFA/Drivers/USB/Core/AVR8/USBInterrupt_AVR8.o
                0x0000000000000d14                __vector_11
 .text.__vector_12
                0x0000000000000e60       0x86 LUFA/Drivers/USB/Core/AVR8/USBInterrupt_AVR8.o
                0x0000000000000e60                __vector_12
 .text.USB_Device_ProcessControlRequest
                0x0000000000000ee6      0x29a LUFA/Drivers/USB/Core/DeviceStandardReq.o
                0x0000000000000ee6                USB_Device_ProcessControlRequest
 .text.USB_Event_Stub
                0x0000000000001180        0x2 LUFA/Drivers/USB/Core/Events.o
                0x0000000000001180                EVENT_USB_Device_WakeUp
                0x0000000000001180                USB_Event_Stub
                0x0000000000001180                EVENT_USB_Device_Suspend
                0x0000000000001180                EVENT_USB_Device_StartOfFrame
                0x0000000000001180                EVENT_USB_Device_Reset
 .text.USB_USBTask
                0x0000000000001182       0x34 LUFA/Drivers/USB/Core/USBTask.o
                0x0000000000001182                USB_USBTask
 .text.CDC_Device_ConfigureEndpoints
                0x00000000000011b6       0x4a LUFA/Drivers/USB/Class/Device/CDCClassDevice.o
                0x00000000000011b6                CDC_Device_ConfigureEndpoints
 .text.CDC_Device_SendByte
                0x0000000000001200       0x56 LUFA/Drivers/USB/Class/Device/CDCClassDevice.o
                0x0000000000001200                CDC_Device_SendByte
 .text.CDC_Device_putchar
                0x0000000000001256       0x20 LUFA/Drivers/USB/Class/Device/CDCClassDevice.o
 .text.CDC_Device_Flush
                0x0000000000001276       0x54 LUFA/Drivers/USB/Class/Device/CDCClassDevice.o
                0x0000000000001276                CDC_Device_Flush
 .text.CDC_Device_USBTask
                0x00000000000012ca       0x2c LUFA/Drivers/USB/Class/Device/CDCClassDevice.o
                0x00000000000012ca                CDC_Device_USBTask
 .text.CDC_Device_ReceiveByte
                0x00000000000012f6       0x5a LUFA/Drivers/USB/Class/Device/CDCClassDevice.o
                0x00000000000012f6                CDC_Device_ReceiveByte
 .text.CDC_Device_getchar
                0x0000000000001350       0x12 LUFA/Drivers/USB/Class/Device/CDCClassDevice.o
 .text.CDC_Device_CreateStream
                0x0000000000001362       0x26 LUFA/Drivers/USB/Class/Device/CDCClassDevice.o
                0x0000000000001362                CDC_Device_CreateStream
 .text.CDC_Device_Event_Stub
                0x0000000000001388        0x2 LUFA/Drivers/USB/Class/Device/CDCClassDevice.o
                0x0000000000001388                EVENT_CDC_Device_LineEncodingChanged
                0x0000000000001388                EVENT_CDC_Device_ControLineStateChanged
                0x0000000000001388                EVENT_CDC_Device_BreakSent
                0x0000000000001388                CDC_Device_Event_Stub
 .text.CDC_Device_ProcessControlRequest
                0x000000000000138a      0x160 LUFA/Drivers/USB/Class/Device/CDCClassDevice.o
                0x000000000000138a                CDC_Device_ProcessControlRequest
 .text.libgcc.mul
                0x00000000000014ea       0x22 /usr/local/avr8-gnu-toolchain-linux_x86_64/bin/../lib/gcc/avr/5.4.0/avr35/libgcc.a(_mulhi3.o)
                0x00000000000014ea                __mulhi3
 .text.libgcc.mul
                0x000000000000150c       0x32 /usr/local/avr8-gnu-toolchain-linux_x86_64/bin/../lib/gcc/avr/5.4.0/avr35/libgcc.a(_mulsi3.o)
                0x000000000000150c                __mulsi3
                0x0000000000001510                __mulsi3_helper
 .text.libgcc.div
                0x000000000000153e       0x28 /usr/local/avr8-gnu-toolchain-linux_x86_64/bin/../lib/gcc/avr/5.4.0/avr35/libgcc.a(_udivmodhi4.o)
                0x000000000000153e                __udivmodhi4
 .text.libgcc   0x0000000000001566        0xc /usr/local/avr8-gnu-toolchain-linux_x86_64/bin/../lib/gcc/avr/5.4.0/avr35/libgcc.a(_tablejump2.o)
                0x0000000000001566                __tablejump2__
 .text.avr-libc
                0x0000000000001572       0x7c /usr/local/avr8-gnu-toolchain-linux_x86_64/bin/../lib/gcc/avr/5.4.0/../../../../avr/lib/avr35/libc.a(fgetc.o)
                0x0000000000001572                fgetc
 .text.avr-libc
                0x00000000000015ee       0x1e /usr/local/avr8-gnu-toolchain-linux_x86_64/bin/../lib/gcc/avr/5.4.0/../../../../avr/lib/avr35/libc.a(fprintf.o)
                0x00000000000015ee                fprintf
 .text.avr-libc
                0x000000000000160c       0x78 /usr/local/avr8-gnu-toolchain-linux_x86_64/bin/../lib/gcc/avr/5.4.0/../../../../avr/lib/avr35/libc.a(fputc.o)
                0x000000000000160c                fputc
 .text.avr-libc
                0x0000000000001684      0x3a6 /usr/local/avr8-gnu-toolchain-linux_x86_64/bin/../lib/gcc/avr/5.4.0/../../../../avr/lib/avr35/libc.a(vfprintf_std.o)
                0x0000000000001684                vfprintf
 .text.avr-libc
                0x0000000000001a2a       0x16 /usr/local/avr8-gnu-toolchain-linux_x86_64/bin/../lib/gcc/avr/5.4.0/../../../../avr/lib/avr35/libc.a(strnlen_P.o)
                0x0000000000001a2a                strnlen_P
 .text.avr-libc
                0x0000000000001a40       0x16 /usr/local/avr8-gnu-toolchain-linux_x86_64/bin/../lib/gcc/avr/5.4.0/../../../../avr/lib/avr35/libc.a(strnlen.o)
                0x0000000000001a40                strnlen
 .text.avr-libc
                0x0000000000001a56       0xc0 /usr/local/avr8-gnu-toolchain-linux_x86_64/bin/../lib/gcc/avr/5.4.0/../../../../avr/lib/avr35/libc.a(ultoa_invert.o)
                0x0000000000001a56                __ultoa_invert
 .text.avr-libc
                0x0000000000001b16       0x20 /usr/local/avr8-gnu-toolchain-linux_x86_64/bin/../lib/gcc/avr/5.4.0/../../../../avr/lib/avr35/libatmega8u2.a(eerd_block.o)
                0x0000000000001b16                eeprom_read_block
                0x0000000000001b1a                eeprom_read_blraw
 .text.avr-libc
                0x0000000000001b36       0x1e /usr/local/avr8-gnu-toolchain-linux_x86_64/bin/../lib/gcc/avr/5.4.0/../../../../avr/lib/avr35/libatmega8u2.a(eeupd_block.o)
                0x0000000000001b36                eeprom_update_block
 .text.avr-libc
                0x0000000000001b54       0x24 /usr/local/avr8-gnu-toolchain-linux_x86_64/bin/../lib/gcc/avr/5.4.0/../../../../avr/lib/avr35/libatmega8u2.a(eeupd_byte.o)
                0x0000000000001b54                eeprom_update_byte
                0x0000000000001b56                eeprom_update_r18
 .text.libgcc.mul
                0x0000000000001b78       0x12 /usr/local/avr8-gnu-toolchain-linux_x86_64/bin/../lib/gcc/avr/5.4.0/avr35/libgcc.a(_mulqi3.o)
                0x0000000000001b78                __mulqi3
 .text.libgcc.prologue
                0x0000000000001b8a       0x38 /usr/local/avr8-gnu-toolchain-linux_x86_64/bin/../lib/gcc/avr/5.4.0/avr35/libgcc.a(_prologue.o)
                0x0000000000001b8a                __prologue_saves__
 .text.libgcc.prologue
                0x0000000000001bc2       0x36 /usr/local/avr8-gnu-toolchain-linux_x86_64/bin/../lib/gcc/avr/5.4.0/avr35/libgcc.a(_epilogue.o)
                0x0000000000001bc2                __epilogue_restores__
                0x0000000000001bf8                . = ALIGN (0x2)
 *(.fini9)
 .fini9         0x0000000000001bf8        0x0 /usr/local/avr8-gnu-toolchain-linux_x86_64/bin/../lib/gcc/avr/5.4.0/avr35/libgcc.a(_exit.o)
                0x0000000000001bf8                exit
                0x0000000000001bf8                _exit
 *(.fini9)
 *(.fini8)
 *(.fini8)
 *(.fini7)
 *(.fini7)
 *(.fini6)
 *(.fini6)
 *(.fini5)
 *(.fini5)
 *(.fini4)
 *(.fini4)
 *(.fini3)
 *(.fini3)
 *(.fini2)
 *(.fini2)
 *(.fini1)
 *(.fini1)
 *(.fini0)
 .fini0         0x0000000000001bf8        0x4 /usr/local/avr8-gnu-toolchain-linux_x86_64/bin/../lib/gcc/avr/5.4.0/avr35/libgcc.a(_exit.o)
 *(.fini0)
                0x0000000000001bfc                _etext = .

.data           0x0000000000800100       0x76 load address 0x0000000000001bfc
                0x0000000000800100                PROVIDE (__data_start, .)
 *(.data)
 .data          0x0000000000800100       0x1b reflow.o
                0x0000000000800100                VirtualSerial_CDC_Interface
 *(.data*)
 *(.gnu.linkonce.d*)
 *(.rodata)
 *(.rodata*)
 .rodata.str1.1
                0x000000000080011b       0x5a reflow.o
 *(.gnu.linkonce.r*)
                0x0000000000800176                . = ALIGN (0x2)
 *fill*         0x0000000000800175        0x1 
                0x0000000000800176                _edata = .
                0x0000000000800176                PROVIDE (__data_end, .)

.bss            0x0000000000800176       0x3b
                0x0000000000800176                PROVIDE (__bss_start, .)
 *(.bss)
 .bss           0x0000000000800176       0x2e reflow.o
 *(.bss*)
 *(COMMON)
 COMMON         0x00000000008001a4        0x3 LUFA/Drivers/USB/Core/DeviceStandardReq.o
                0x00000000008001a4                USB_Device_ConfigurationNumber
                0x00000000008001a5                USB_Device_CurrentlySelfPowered
                0x00000000008001a6                USB_Device_RemoteWakeupEnabled
 COMMON         0x00000000008001a7        0xa LUFA/Drivers/USB/Core/USBTask.o
                0x00000000008001a7                USB_IsInitialized
                0x00000000008001a8                USB_DeviceState
                0x00000000008001a9                USB_ControlRequest
                0x00000000008001b1                PROVIDE (__bss_end, .)
                0x0000000000001bfc                __data_load_start = LOADADDR (.data)
                0x0000000000001c72                __data_load_end = (__data_load_start + SIZEOF (.data))

.noinit         0x00000000008001b1        0x0
                [!provide]                        PROVIDE (__noinit_start, .)
 *(.noinit*)
                [!provide]                        PROVIDE (__noinit_end, .)
                0x00000000008001b1                _end = .
                [!provide]                        PROVIDE (__heap_start, .)

.eeprom         0x0000000000810000       0x14
 *(.eeprom*)
 .eeprom        0x0000000000810000       0x14 reflow.o
                0x0000000000810014                __eeprom_end = .

.fuse
 *(.fuse)
 *(.lfuse)
 *(.hfuse)
 *(.efuse)

.lock
 *(.lock*)

.signature
 *(.signature*)

.user_signatures
 *(.user_signatures*)

.stab
 *(.stab)

.stabstr
 *(.stabstr)

.stab.excl
 *(.stab.excl)

.stab.exclstr
 *(.stab.exclstr)

.stab.index
 *(.stab.index)

.stab.indexstr
 *(.stab.indexstr)

.comment        0x0000000000000000       0x5c
 *(.comment)
 .comment       0x0000000000000000       0x30 reflow.o
                                         0x31 (size before relaxing)
 .comment       0x0000000000000030       0x31 Descriptors.o
 .comment       0x0000000000000030       0x31 LUFA/Drivers/USB/Core/AVR8/EndpointStream_AVR8.o
 .comment       0x0000000000000030       0x31 LUFA/Drivers/USB/Core/AVR8/Endpoint_AVR8.o
 .comment       0x0000000000000030       0x31 LUFA/Drivers/USB/Core/AVR8/USBController_AVR8.o
 .comment       0x0000000000000030       0x31 LUFA/Drivers/USB/Core/AVR8/USBInterrupt_AVR8.o
 .comment       0x0000000000000030       0x31 LUFA/Drivers/USB/Core/DeviceStandardReq.o
 .comment       0x0000000000000030       0x31 LUFA/Drivers/USB/Core/Events.o
 .comment       0x0000000000000030       0x31 LUFA/Drivers/USB/Core/USBTask.o
 .comment       0x0000000000000030       0x31 LUFA/Drivers/USB/Class/Device/CDCClassDevice.o
 .comment       0x0000000000000030       0x2c /usr/local/avr8-gnu-toolchain-linux_x86_64/bin/../lib/gcc/avr/5.4.0/../../../../avr/lib/avr35/libc.a(fgetc.o)
                                         0x2d (size before relaxing)
 .comment       0x000000000000005c       0x2d /usr/local/avr8-gnu-toolchain-linux_x86_64/bin/../lib/gcc/avr/5.4.0/../../../../avr/lib/avr35/libc.a(fprintf.o)
 .comment       0x000000000000005c       0x2d /usr/local/avr8-gnu-toolchain-linux_x86_64/bin/../lib/gcc/avr/5.4.0/../../../../avr/lib/avr35/libc.a(fputc.o)
 .comment       0x000000000000005c       0x2d /usr/local/avr8-gnu-toolchain-linux_x86_64/bin/../lib/gcc/avr/5.4.0/../../../../avr/lib/avr35/libc.a(vfprintf_std.o)

.note.gnu.avr.deviceinfo
                0x0000000000000000       0x3c
 .note.gnu.avr.deviceinfo
                0x0000000000000000       0x3c /usr/local/avr8-gnu-toolchain-linux_x86_64/bin/../lib/gcc/avr/5.4.0/../../../../avr/lib/avr35/crtatmega8u2.o

.note.gnu.build-id
 *(.note.gnu.build-id)

.debug
 *(.debug)

.line
 *(.line)

.debug_srcinfo
 *(.debug_srcinfo)

.debug_sfnames
 *(.debug_sfnames)

.debug_aranges  0x0000000000000000      0x318
 *(.debug_aranges)
 .debug_aranges
                0x0000000000000000       0x90 reflow.o
 .debug_aranges
                0x0000000000000090       0x20 Descriptors.o
 .debug_aranges
                0x00000000000000b0       0xc8 LUFA/Drivers/USB/Core/AVR8/EndpointStream_AVR8.o
 .debug_aranges
                0x0000000000000178       0x40 LUFA/Drivers/USB/Core/AVR8/Endpoint_AVR8.o
 .debug_aranges
                0x00000000000001b8       0x30 LUFA/Drivers/USB/Core/AVR8/USBController_AVR8.o
 .debug_aranges
                0x00000000000001e8       0x38 LUFA/Drivers/USB/Core/AVR8/USBInterrupt_AVR8.o
 .debug_aranges
                0x0000000000000220       0x20 LUFA/Drivers/USB/Core/DeviceStandardReq.o
 .debug_aranges
                0x0000000000000240       0x20 LUFA/Drivers/USB/Core/Events.o
 .debug_aranges
                0x0000000000000260       0x20 LUFA/Drivers/USB/Core/USBTask.o
 .debug_aranges
                0x0000000000000280       0x98 LUFA/Drivers/USB/Class/Device/CDCClassDevice.o

.debug_pubnames
 *(.debug_pubnames)

.debug_info     0x0000000000000000     0x5e60
 *(.debug_info .gnu.linkonce.wi.*)
 .debug_info    0x0000000000000000      0x696 /usr/local/avr8-gnu-toolchain-linux_x86_64/bin/../lib/gcc/avr/5.4.0/../../../../avr/lib/avr35/crtatmega8u2.o
 .debug_info    0x0000000000000696      0xbc7 reflow.o
 .debug_info    0x000000000000125d      0x751 Descriptors.o
 .debug_info    0x00000000000019ae     0x176e LUFA/Drivers/USB/Core/AVR8/EndpointStream_AVR8.o
 .debug_info    0x000000000000311c      0x620 LUFA/Drivers/USB/Core/AVR8/Endpoint_AVR8.o
 .debug_info    0x000000000000373c      0x484 LUFA/Drivers/USB/Core/AVR8/USBController_AVR8.o
 .debug_info    0x0000000000003bc0      0x722 LUFA/Drivers/USB/Core/AVR8/USBInterrupt_AVR8.o
 .debug_info    0x00000000000042e2      0xa27 LUFA/Drivers/USB/Core/DeviceStandardReq.o
 .debug_info    0x0000000000004d09       0x78 LUFA/Drivers/USB/Core/Events.o
 .debug_info    0x0000000000004d81      0x272 LUFA/Drivers/USB/Core/USBTask.o
 .debug_info    0x0000000000004ff3      0xe6d LUFA/Drivers/USB/Class/Device/CDCClassDevice.o

.debug_abbrev   0x0000000000000000     0x1af3
 *(.debug_abbrev)
 .debug_abbrev  0x0000000000000000      0x63b /usr/local/avr8-gnu-toolchain-linux_x86_64/bin/../lib/gcc/avr/5.4.0/../../../../avr/lib/avr35/crtatmega8u2.o
 .debug_abbrev  0x000000000000063b      0x39d reflow.o
 .debug_abbrev  0x00000000000009d8      0x159 Descriptors.o
 .debug_abbrev  0x0000000000000b31      0x1ea LUFA/Drivers/USB/Core/AVR8/EndpointStream_AVR8.o
 .debug_abbrev  0x0000000000000d1b      0x226 LUFA/Drivers/USB/Core/AVR8/Endpoint_AVR8.o
 .debug_abbrev  0x0000000000000f41      0x199 LUFA/Drivers/USB/Core/AVR8/USBController_AVR8.o
 .debug_abbrev  0x00000000000010da      0x213 LUFA/Drivers/USB/Core/AVR8/USBInterrupt_AVR8.o
 .debug_abbrev  0x00000000000012ed      0x273 LUFA/Drivers/USB/Core/DeviceStandardReq.o
 .debug_abbrev  0x0000000000001560       0x44 LUFA/Drivers/USB/Core/Events.o
 .debug_abbrev  0x00000000000015a4      0x16b LUFA/Drivers/USB/Core/USBTask.o
 .debug_abbrev  0x000000000000170f      0x3e4 LUFA/Drivers/USB/Class/Device/CDCClassDevice.o

.debug_line     0x0000000000000000     0x358c
 *(.debug_line .debug_line.* .debug_line_end)
 .debug_line    0x0000000000000000       0x1a /usr/local/avr8-gnu-toolchain-linux_x86_64/bin/../lib/gcc/avr/5.4.0/../../../../avr/lib/avr35/crtatmega8u2.o
 .debug_line    0x000000000000001a      0x715 reflow.o
 .debug_line    0x000000000000072f      0x1de Descriptors.o
 .debug_line    0x000000000000090d     0x1382 LUFA/Drivers/USB/Core/AVR8/EndpointStream_AVR8.o
 .debug_line    0x0000000000001c8f      0x461 LUFA/Drivers/USB/Core/AVR8/Endpoint_AVR8.o
 .debug_line    0x00000000000020f0      0x269 LUFA/Drivers/USB/Core/AVR8/USBController_AVR8.o
 .debug_line    0x0000000000002359      0x45d LUFA/Drivers/USB/Core/AVR8/USBInterrupt_AVR8.o
 .debug_line    0x00000000000027b6      0x460 LUFA/Drivers/USB/Core/DeviceStandardReq.o
 .debug_line    0x0000000000002c16       0x4c LUFA/Drivers/USB/Core/Events.o
 .debug_line    0x0000000000002c62      0x164 LUFA/Drivers/USB/Core/USBTask.o
 .debug_line    0x0000000000002dc6      0x7c6 LUFA/Drivers/USB/Class/Device/CDCClassDevice.o

.debug_frame    0x0000000000000000      0x994
 *(.debug_frame)
 .debug_frame   0x0000000000000000      0x21c reflow.o
 .debug_frame   0x000000000000021c       0x24 Descriptors.o
 .debug_frame   0x0000000000000240      0x3bc LUFA/Drivers/USB/Core/AVR8/EndpointStream_AVR8.o
 .debug_frame   0x00000000000005fc       0x78 LUFA/Drivers/USB/Core/AVR8/Endpoint_AVR8.o
 .debug_frame   0x0000000000000674       0x44 LUFA/Drivers/USB/Core/AVR8/USBController_AVR8.o
 .debug_frame   0x00000000000006b8       0xec LUFA/Drivers/USB/Core/AVR8/USBInterrupt_AVR8.o
 .debug_frame   0x00000000000007a4       0x3c LUFA/Drivers/USB/Core/DeviceStandardReq.o
 .debug_frame   0x00000000000007e0       0x24 LUFA/Drivers/USB/Core/Events.o
 .debug_frame   0x0000000000000804       0x2c LUFA/Drivers/USB/Core/USBTask.o
 .debug_frame   0x0000000000000830      0x164 LUFA/Drivers/USB/Class/Device/CDCClassDevice.o

.debug_str      0x0000000000000000     0x2580
 *(.debug_str)
 .debug_str     0x0000000000000000      0x256 /usr/local/avr8-gnu-toolchain-linux_x86_64/bin/../lib/gcc/avr/5.4.0/../../../../avr/lib/avr35/crtatmega8u2.o
 .debug_str     0x0000000000000256      0x68c reflow.o
                                        0x74d (size before relaxing)
 .debug_str     0x00000000000008e2      0x8c8 Descriptors.o
                                        0xae0 (size before relaxing)
 .debug_str     0x00000000000011aa      0x67e LUFA/Drivers/USB/Core/AVR8/EndpointStream_AVR8.o
                                        0x86f (size before relaxing)
 .debug_str     0x0000000000001828      0x2d0 LUFA/Drivers/USB/Core/AVR8/Endpoint_AVR8.o
                                        0x62f (size before relaxing)
 .debug_str     0x0000000000001af8      0x25e LUFA/Drivers/USB/Core/AVR8/USBController_AVR8.o
                                        0x545 (size before relaxing)
 .debug_str     0x0000000000001d56      0x12b LUFA/Drivers/USB/Core/AVR8/USBInterrupt_AVR8.o
                                        0x59a (size before relaxing)
 .debug_str     0x0000000000001e81      0x418 LUFA/Drivers/USB/Core/DeviceStandardReq.o
                                        0x9e1 (size before relaxing)
 .debug_str     0x0000000000002299       0x2e LUFA/Drivers/USB/Core/Events.o
                                        0x1b3 (size before relaxing)
 .debug_str     0x00000000000022c7       0x3c LUFA/Drivers/USB/Core/USBTask.o
                                        0x394 (size before relaxing)
 .debug_str     0x0000000000002303      0x27d LUFA/Drivers/USB/Class/Device/CDCClassDevice.o
                                        0xa23 (size before relaxing)

.debug_loc      0x0000000000000000     0x3d70
 *(.debug_loc)
 .debug_loc     0x0000000000000000      0x928 reflow.o
 .debug_loc     0x0000000000000928      0x186 Descriptors.o
 .debug_loc     0x0000000000000aae     0x1f8f LUFA/Drivers/USB/Core/AVR8/EndpointStream_AVR8.o
 .debug_loc     0x0000000000002a3d      0x399 LUFA/Drivers/USB/Core/AVR8/Endpoint_AVR8.o
 .debug_loc     0x0000000000002dd6       0x78 LUFA/Drivers/USB/Core/AVR8/USBController_AVR8.o
 .debug_loc     0x0000000000002e4e      0x3b8 LUFA/Drivers/USB/Core/AVR8/USBInterrupt_AVR8.o
 .debug_loc     0x0000000000003206      0x2d7 LUFA/Drivers/USB/Core/DeviceStandardReq.o
 .debug_loc     0x00000000000034dd       0x49 LUFA/Drivers/USB/Core/USBTask.o
 .debug_loc     0x0000000000003526      0x84a LUFA/Drivers/USB/Class/Device/CDCClassDevice.o

.debug_macinfo
 *(.debug_macinfo)

.debug_weaknames
 *(.debug_weaknames)

.debug_funcnames
 *(.debug_funcnames)

.debug_typenames
 *(.debug_typenames)

.debug_varnames
 *(.debug_varnames)

.debug_pubtypes
 *(.debug_pubtypes)

.debug_ranges   0x0000000000000000      0x430
 *(.debug_ranges)
 .debug_ranges  0x0000000000000000       0x80 reflow.o
 .debug_ranges  0x0000000000000080       0x28 Descriptors.o
 .debug_ranges  0x00000000000000a8      0x1f8 LUFA/Drivers/USB/Core/AVR8/EndpointStream_AVR8.o
 .debug_ranges  0x00000000000002a0       0x78 LUFA/Drivers/USB/Core/AVR8/Endpoint_AVR8.o
 .debug_ranges  0x0000000000000318       0x20 LUFA/Drivers/USB/Core/AVR8/USBController_AVR8.o
 .debug_ranges  0x0000000000000338       0x28 LUFA/Drivers/USB/Core/AVR8/USBInterrupt_AVR8.o
 .debug_ranges  0x0000000000000360       0x28 LUFA/Drivers/USB/Core/DeviceStandardReq.o
 .debug_ranges  0x0000000000000388       0x10 LUFA/Drivers/USB/Core/Events.o
 .debug_ranges  0x0000000000000398       0x10 LUFA/Drivers/USB/Core/USBTask.o
 .debug_ranges  0x00000000000003a8       0x88 LUFA/Drivers/USB/Class/Device/CDCClassDevice.o

.debug_macro
 *(.debug_macro)
OUTPUT(reflow.elf elf32-avr)
LOAD linker stubs

Cross Reference Table

Symbol                                            File
Audio_Device_ConfigureEndpoints                   LUFA/Drivers/USB/Class/Device/AudioClassDevice.o
Audio_Device_Event_Stub                           LUFA/Drivers/USB/Class/Device/AudioClassDevice.o
Audio_Device_ProcessControlRequest                LUFA/Drivers/USB/Class/Device/AudioClassDevice.o
CALLBACK_Audio_Device_GetSetEndpointProperty      LUFA/Drivers/USB/Class/Device/AudioClassDevice.o
CALLBACK_Audio_Device_GetSetInterfaceProperty     LUFA/Drivers/USB/Class/Device/AudioClassDevice.o
CALLBACK_HIDParser_FilterHIDReportItem            LUFA/Drivers/USB/Class/Common/HIDParser.o
CALLBACK_HID_Device_CreateHIDReport               LUFA/Drivers/USB/Class/Device/HIDClassDevice.o
CALLBACK_HID_Device_ProcessHIDReport              LUFA/Drivers/USB/Class/Device/HIDClassDevice.o
CALLBACK_MS_Device_SCSICommandReceived            LUFA/Drivers/USB/Class/Device/MassStorageClassDevice.o
CALLBACK_USB_GetDescriptor                        Descriptors.o
                                                  LUFA/Drivers/USB/Core/DeviceStandardReq.o
CDC_Device_BytesReceived                          LUFA/Drivers/USB/Class/Device/CDCClassDevice.o
CDC_Device_ConfigureEndpoints                     LUFA/Drivers/USB/Class/Device/CDCClassDevice.o
                                                  reflow.o
CDC_Device_CreateBlockingStream                   LUFA/Drivers/USB/Class/Device/CDCClassDevice.o
CDC_Device_CreateStream                           LUFA/Drivers/USB/Class/Device/CDCClassDevice.o
                                                  reflow.o
CDC_Device_Event_Stub                             LUFA/Drivers/USB/Class/Device/CDCClassDevice.o
CDC_Device_Flush                                  LUFA/Drivers/USB/Class/Device/CDCClassDevice.o
CDC_Device_ProcessControlRequest                  LUFA/Drivers/USB/Class/Device/CDCClassDevice.o
                                                  reflow.o
CDC_Device_ReceiveByte                            LUFA/Drivers/USB/Class/Device/CDCClassDevice.o
CDC_Device_SendByte                               LUFA/Drivers/USB/Class/Device/CDCClassDevice.o
CDC_Device_SendControlLineStateChange             LUFA/Drivers/USB/Class/Device/CDCClassDevice.o
CDC_Device_SendData                               LUFA/Drivers/USB/Class/Device/CDCClassDevice.o
CDC_Device_SendString                             LUFA/Drivers/USB/Class/Device/CDCClassDevice.o
CDC_Device_USBTask                                LUFA/Drivers/USB/Class/Device/CDCClassDevice.o
                                                  reflow.o
ConfigurationDescriptor                           Descriptors.o
DeviceDescriptor                                  Descriptors.o
EVENT_Audio_Device_StreamStartStop                LUFA/Drivers/USB/Class/Device/AudioClassDevice.o
EVENT_CDC_Device_BreakSent                        LUFA/Drivers/USB/Class/Device/CDCClassDevice.o
EVENT_CDC_Device_ControLineStateChanged           LUFA/Drivers/USB/Class/Device/CDCClassDevice.o
EVENT_CDC_Device_LineEncodingChanged              LUFA/Drivers/USB/Class/Device/CDCClassDevice.o
EVENT_USB_Device_ConfigurationChanged             reflow.o
                                                  LUFA/Drivers/USB/Core/DeviceStandardReq.o
EVENT_USB_Device_Connect                          reflow.o
                                                  LUFA/Drivers/USB/Core/AVR8/USBInterrupt_AVR8.o
EVENT_USB_Device_ControlRequest                   reflow.o
                                                  LUFA/Drivers/USB/Core/DeviceStandardReq.o
EVENT_USB_Device_Disconnect                       reflow.o
                                                  LUFA/Drivers/USB/Core/AVR8/USBInterrupt_AVR8.o
EVENT_USB_Device_Reset                            LUFA/Drivers/USB/Core/Events.o
                                                  LUFA/Drivers/USB/Core/AVR8/USBInterrupt_AVR8.o
EVENT_USB_Device_StartOfFrame                     LUFA/Drivers/USB/Core/Events.o
                                                  LUFA/Drivers/USB/Core/AVR8/USBInterrupt_AVR8.o
EVENT_USB_Device_Suspend                          LUFA/Drivers/USB/Core/Events.o
EVENT_USB_Device_WakeUp                           LUFA/Drivers/USB/Core/Events.o
Endpoint_ClearEndpoints                           LUFA/Drivers/USB/Core/AVR8/Endpoint_AVR8.o
Endpoint_ClearStatusStage                         LUFA/Drivers/USB/Core/AVR8/Endpoint_AVR8.o
                                                  LUFA/Drivers/USB/Class/Device/MassStorageClassDevice.o
                                                  LUFA/Drivers/USB/Class/Device/HIDClassDevice.o
                                                  LUFA/Drivers/USB/Class/Device/CDCClassDevice.o
                                                  LUFA/Drivers/USB/Class/Device/AudioClassDevice.o
                                                  LUFA/Drivers/USB/Core/DeviceStandardReq.o
Endpoint_ConfigureEndpointTable                   LUFA/Drivers/USB/Core/AVR8/Endpoint_AVR8.o
                                                  LUFA/Drivers/USB/Class/Device/RNDISClassDevice.o
                                                  LUFA/Drivers/USB/Class/Device/MIDIClassDevice.o
                                                  LUFA/Drivers/USB/Class/Device/MassStorageClassDevice.o
                                                  LUFA/Drivers/USB/Class/Device/HIDClassDevice.o
                                                  LUFA/Drivers/USB/Class/Device/CDCClassDevice.o
                                                  LUFA/Drivers/USB/Class/Device/AudioClassDevice.o
Endpoint_ConfigureEndpoint_Prv                    LUFA/Drivers/USB/Core/AVR8/Endpoint_AVR8.o
                                                  LUFA/Drivers/USB/Core/AVR8/USBInterrupt_AVR8.o
                                                  LUFA/Drivers/USB/Core/AVR8/USBController_AVR8.o
Endpoint_Discard_Stream                           LUFA/Drivers/USB/Core/AVR8/EndpointStream_AVR8.o
Endpoint_Null_Stream                              LUFA/Drivers/USB/Core/AVR8/EndpointStream_AVR8.o
Endpoint_Read_Control_EStream_BE                  LUFA/Drivers/USB/Core/AVR8/EndpointStream_AVR8.o
Endpoint_Read_Control_EStream_LE                  LUFA/Drivers/USB/Core/AVR8/EndpointStream_AVR8.o
Endpoint_Read_Control_Stream_BE                   LUFA/Drivers/USB/Core/AVR8/EndpointStream_AVR8.o
Endpoint_Read_Control_Stream_LE                   LUFA/Drivers/USB/Core/AVR8/EndpointStream_AVR8.o
                                                  LUFA/Drivers/USB/Class/Device/RNDISClassDevice.o
                                                  LUFA/Drivers/USB/Class/Device/HIDClassDevice.o
                                                  LUFA/Drivers/USB/Class/Device/AudioClassDevice.o
Endpoint_Read_EStream_BE                          LUFA/Drivers/USB/Core/AVR8/EndpointStream_AVR8.o
Endpoint_Read_EStream_LE                          LUFA/Drivers/USB/Core/AVR8/EndpointStream_AVR8.o
Endpoint_Read_Stream_BE                           LUFA/Drivers/USB/Core/AVR8/EndpointStream_AVR8.o
Endpoint_Read_Stream_LE                           LUFA/Drivers/USB/Core/AVR8/EndpointStream_AVR8.o
                                                  LUFA/Drivers/USB/Class/Device/RNDISClassDevice.o
                                                  LUFA/Drivers/USB/Class/Device/MIDIClassDevice.o
                                                  LUFA/Drivers/USB/Class/Device/MassStorageClassDevice.o
Endpoint_WaitUntilReady                           LUFA/Drivers/USB/Core/AVR8/Endpoint_AVR8.o
                                                  LUFA/Drivers/USB/Class/Device/RNDISClassDevice.o
                                                  LUFA/Drivers/USB/Class/Device/MIDIClassDevice.o
                                                  LUFA/Drivers/USB/Class/Device/CDCClassDevice.o
                                                  LUFA/Drivers/USB/Core/AVR8/EndpointStream_AVR8.o
Endpoint_Write_Control_EStream_BE                 LUFA/Drivers/USB/Core/AVR8/EndpointStream_AVR8.o
Endpoint_Write_Control_EStream_LE                 LUFA/Drivers/USB/Core/AVR8/EndpointStream_AVR8.o
Endpoint_Write_Control_PStream_BE                 LUFA/Drivers/USB/Core/AVR8/EndpointStream_AVR8.o
Endpoint_Write_Control_PStream_LE                 LUFA/Drivers/USB/Core/AVR8/EndpointStream_AVR8.o
                                                  LUFA/Drivers/USB/Core/DeviceStandardReq.o
Endpoint_Write_Control_Stream_BE                  LUFA/Drivers/USB/Core/AVR8/EndpointStream_AVR8.o
Endpoint_Write_Control_Stream_LE                  LUFA/Drivers/USB/Core/AVR8/EndpointStream_AVR8.o
                                                  LUFA/Drivers/USB/Class/Device/RNDISClassDevice.o
                                                  LUFA/Drivers/USB/Class/Device/HIDClassDevice.o
                                                  LUFA/Drivers/USB/Class/Device/AudioClassDevice.o
                                                  LUFA/Drivers/USB/Core/DeviceStandardReq.o
Endpoint_Write_EStream_BE                         LUFA/Drivers/USB/Core/AVR8/EndpointStream_AVR8.o
Endpoint_Write_EStream_LE                         LUFA/Drivers/USB/Core/AVR8/EndpointStream_AVR8.o
Endpoint_Write_PStream_BE                         LUFA/Drivers/USB/Core/AVR8/EndpointStream_AVR8.o
Endpoint_Write_PStream_LE                         LUFA/Drivers/USB/Core/AVR8/EndpointStream_AVR8.o
Endpoint_Write_Stream_BE                          LUFA/Drivers/USB/Core/AVR8/EndpointStream_AVR8.o
Endpoint_Write_Stream_LE                          LUFA/Drivers/USB/Core/AVR8/EndpointStream_AVR8.o
                                                  LUFA/Drivers/USB/Class/Device/RNDISClassDevice.o
                                                  LUFA/Drivers/USB/Class/Device/MIDIClassDevice.o
                                                  LUFA/Drivers/USB/Class/Device/MassStorageClassDevice.o
                                                  LUFA/Drivers/USB/Class/Device/HIDClassDevice.o
                                                  LUFA/Drivers/USB/Class/Device/CDCClassDevice.o
HID_Device_ConfigureEndpoints                     LUFA/Drivers/USB/Class/Device/HIDClassDevice.o
HID_Device_ProcessControlRequest                  LUFA/Drivers/USB/Class/Device/HIDClassDevice.o
HID_Device_USBTask                                LUFA/Drivers/USB/Class/Device/HIDClassDevice.o
LanguageString                                    Descriptors.o
MIDI_Device_ConfigureEndpoints                    LUFA/Drivers/USB/Class/Device/MIDIClassDevice.o
MIDI_Device_Flush                                 LUFA/Drivers/USB/Class/Device/MIDIClassDevice.o
MIDI_Device_ReceiveEventPacket                    LUFA/Drivers/USB/Class/Device/MIDIClassDevice.o
MIDI_Device_SendEventPacket                       LUFA/Drivers/USB/Class/Device/MIDIClassDevice.o
MIDI_Device_USBTask                               LUFA/Drivers/USB/Class/Device/MIDIClassDevice.o
MS_Device_ConfigureEndpoints                      LUFA/Drivers/USB/Class/Device/MassStorageClassDevice.o
MS_Device_ProcessControlRequest                   LUFA/Drivers/USB/Class/Device/MassStorageClassDevice.o
MS_Device_USBTask                                 LUFA/Drivers/USB/Class/Device/MassStorageClassDevice.o
ManufacturerString                                Descriptors.o
ProductString                                     Descriptors.o
RNDIS_Device_ConfigureEndpoints                   LUFA/Drivers/USB/Class/Device/RNDISClassDevice.o
RNDIS_Device_IsPacketReceived                     LUFA/Drivers/USB/Class/Device/RNDISClassDevice.o
RNDIS_Device_ProcessControlRequest                LUFA/Drivers/USB/Class/Device/RNDISClassDevice.o
RNDIS_Device_ReadPacket                           LUFA/Drivers/USB/Class/Device/RNDISClassDevice.o
RNDIS_Device_SendPacket                           LUFA/Drivers/USB/Class/Device/RNDISClassDevice.o
RNDIS_Device_USBTask                              LUFA/Drivers/USB/Class/Device/RNDISClassDevice.o
USB_ControlRequest                                LUFA/Drivers/USB/Core/USBTask.o
                                                  LUFA/Drivers/USB/Class/Device/RNDISClassDevice.o
                                                  LUFA/Drivers/USB/Class/Device/MassStorageClassDevice.o
                                                  LUFA/Drivers/USB/Class/Device/HIDClassDevice.o
                                                  LUFA/Drivers/USB/Class/Device/CDCClassDevice.o
                                                  LUFA/Drivers/USB/Class/Device/AudioClassDevice.o
                                                  LUFA/Drivers/USB/Core/DeviceStandardReq.o
                                                  LUFA/Drivers/USB/Core/AVR8/Endpoint_AVR8.o
                                                  LUFA/Drivers/USB/Core/AVR8/EndpointStream_AVR8.o
USB_DeviceState                                   LUFA/Drivers/USB/Core/USBTask.o
                                                  LUFA/Drivers/USB/Class/Device/RNDISClassDevice.o
                                                  LUFA/Drivers/USB/Class/Device/MIDIClassDevice.o
                                                  LUFA/Drivers/USB/Class/Device/MassStorageClassDevice.o
                                                  LUFA/Drivers/USB/Class/Device/HIDClassDevice.o
                                                  LUFA/Drivers/USB/Class/Device/CDCClassDevice.o
                                                  LUFA/Drivers/USB/Core/DeviceStandardReq.o
                                                  LUFA/Drivers/USB/Core/AVR8/USBInterrupt_AVR8.o
                                                  LUFA/Drivers/USB/Core/AVR8/USBController_AVR8.o
                                                  LUFA/Drivers/USB/Core/AVR8/Endpoint_AVR8.o
                                                  LUFA/Drivers/USB/Core/AVR8/EndpointStream_AVR8.o
USB_Device_ConfigurationNumber                    LUFA/Drivers/USB/Core/DeviceStandardReq.o
                                                  LUFA/Drivers/USB/Core/AVR8/USBInterrupt_AVR8.o
                                                  LUFA/Drivers/USB/Core/AVR8/USBController_AVR8.o
USB_Device_CurrentlySelfPowered                   LUFA/Drivers/USB/Core/DeviceStandardReq.o
                                                  LUFA/Drivers/USB/Core/AVR8/USBController_AVR8.o
USB_Device_ProcessControlRequest                  LUFA/Drivers/USB/Core/DeviceStandardReq.o
                                                  LUFA/Drivers/USB/Core/USBTask.o
                                                  LUFA/Drivers/USB/Core/AVR8/USBInterrupt_AVR8.o
USB_Device_RemoteWakeupEnabled                    LUFA/Drivers/USB/Core/DeviceStandardReq.o
                                                  LUFA/Drivers/USB/Core/AVR8/USBController_AVR8.o
USB_Device_SendRemoteWakeup                       LUFA/Drivers/USB/Core/AVR8/Device_AVR8.o
USB_Disable                                       LUFA/Drivers/USB/Core/AVR8/USBController_AVR8.o
USB_Event_Stub                                    LUFA/Drivers/USB/Core/Events.o
USB_GetHIDReportItemInfo                          LUFA/Drivers/USB/Class/Common/HIDParser.o
USB_GetHIDReportSize                              LUFA/Drivers/USB/Class/Common/HIDParser.o
USB_GetNextDescriptorComp                         LUFA/Drivers/USB/Core/ConfigDescriptors.o
USB_GetNextDescriptorOfType                       LUFA/Drivers/USB/Core/ConfigDescriptors.o
USB_GetNextDescriptorOfTypeAfter                  LUFA/Drivers/USB/Core/ConfigDescriptors.o
USB_GetNextDescriptorOfTypeBefore                 LUFA/Drivers/USB/Core/ConfigDescriptors.o
USB_INT_ClearAllInterrupts                        LUFA/Drivers/USB/Core/AVR8/USBInterrupt_AVR8.o
                                                  LUFA/Drivers/USB/Core/AVR8/USBController_AVR8.o
USB_INT_DisableAllInterrupts                      LUFA/Drivers/USB/Core/AVR8/USBInterrupt_AVR8.o
                                                  LUFA/Drivers/USB/Core/AVR8/USBController_AVR8.o
USB_Init                                          LUFA/Drivers/USB/Core/AVR8/USBController_AVR8.o
                                                  reflow.o
USB_IsInitialized                                 LUFA/Drivers/USB/Core/USBTask.o
                                                  LUFA/Drivers/USB/Core/AVR8/USBController_AVR8.o
USB_ProcessHIDReport                              LUFA/Drivers/USB/Class/Common/HIDParser.o
USB_ResetInterface                                LUFA/Drivers/USB/Core/AVR8/USBController_AVR8.o
USB_SetHIDReportItemInfo                          LUFA/Drivers/USB/Class/Common/HIDParser.o
USB_USBTask                                       LUFA/Drivers/USB/Core/USBTask.o
                                                  LUFA/Drivers/USB/Class/Device/CDCClassDevice.o
                                                  reflow.o
VirtualSerial_CDC_Interface                       reflow.o
__FUSE_REGION_LENGTH__                            /usr/local/avr8-gnu-toolchain-linux_x86_64/bin/../lib/gcc/avr/5.4.0/../../../../avr/lib/avr35/crtatmega8u2.o
__bad_interrupt                                   /usr/local/avr8-gnu-toolchain-linux_x86_64/bin/../lib/gcc/avr/5.4.0/../../../../avr/lib/avr35/crtatmega8u2.o
__bss_end                                         /usr/local/avr8-gnu-toolchain-linux_x86_64/bin/../lib/gcc/avr/5.4.0/avr35/libgcc.a(_clear_bss.o)
__bss_start                                       /usr/local/avr8-gnu-toolchain-linux_x86_64/bin/../lib/gcc/avr/5.4.0/avr35/libgcc.a(_clear_bss.o)
__data_end                                        /usr/local/avr8-gnu-toolchain-linux_x86_64/bin/../lib/gcc/avr/5.4.0/avr35/libgcc.a(_copy_data.o)
__data_load_start                                 /usr/local/avr8-gnu-toolchain-linux_x86_64/bin/../lib/gcc/avr/5.4.0/avr35/libgcc.a(_copy_data.o)
__data_start                                      /usr/local/avr8-gnu-toolchain-linux_x86_64/bin/../lib/gcc/avr/5.4.0/avr35/libgcc.a(_copy_data.o)
__do_clear_bss                                    /usr/local/avr8-gnu-toolchain-linux_x86_64/bin/../lib/gcc/avr/5.4.0/avr35/libgcc.a(_clear_bss.o)
                                                  LUFA/Drivers/USB/Core/USBTask.o
                                                  LUFA/Drivers/USB/Core/DeviceStandardReq.o
                                                  reflow.o
__do_copy_data                                    /usr/local/avr8-gnu-toolchain-linux_x86_64/bin/../lib/gcc/avr/5.4.0/avr35/libgcc.a(_copy_data.o)
                                                  LUFA/Drivers/USB/Class/Device/RNDISClassDevice.o
                                                  LUFA/Drivers/USB/Class/Device/CDCClassDevice.o
                                                  reflow.o
__epilogue_restores__                             /usr/local/avr8-gnu-toolchain-linux_x86_64/bin/../lib/gcc/avr/5.4.0/avr35/libgcc.a(_epilogue.o)
                                                  /usr/local/avr8-gnu-toolchain-linux_x86_64/bin/../lib/gcc/avr/5.4.0/../../../../avr/lib/avr35/libc.a(vfprintf_std.o)
                                                  /usr/local/avr8-gnu-toolchain-linux_x86_64/bin/../lib/gcc/avr/5.4.0/../../../../avr/lib/avr35/libc.a(fprintf.o)
__heap_end                                        /usr/local/avr8-gnu-toolchain-linux_x86_64/bin/../lib/gcc/avr/5.4.0/../../../../avr/lib/avr35/crtatmega8u2.o
__init                                            /usr/local/avr8-gnu-toolchain-linux_x86_64/bin/../lib/gcc/avr/5.4.0/../../../../avr/lib/avr35/crtatmega8u2.o
__mulhi3                                          /usr/local/avr8-gnu-toolchain-linux_x86_64/bin/../lib/gcc/avr/5.4.0/avr35/libgcc.a(_mulhi3.o)
                                                  LUFA/Drivers/USB/Class/Common/HIDParser.o
                                                  reflow.o
__mulqi3                                          /usr/local/avr8-gnu-toolchain-linux_x86_64/bin/../lib/gcc/avr/5.4.0/avr35/libgcc.a(_mulqi3.o)
                                                  /usr/local/avr8-gnu-toolchain-linux_x86_64/bin/../lib/gcc/avr/5.4.0/../../../../avr/lib/avr35/libc.a(vfprintf_std.o)
__mulsi3                                          /usr/local/avr8-gnu-toolchain-linux_x86_64/bin/../lib/gcc/avr/5.4.0/avr35/libgcc.a(_mulsi3.o)
                                                  reflow.o
__mulsi3_helper                                   /usr/local/avr8-gnu-toolchain-linux_x86_64/bin/../lib/gcc/avr/5.4.0/avr35/libgcc.a(_mulsi3.o)
__prologue_saves__                                /usr/local/avr8-gnu-toolchain-linux_x86_64/bin/../lib/gcc/avr/5.4.0/avr35/libgcc.a(_prologue.o)
                                                  /usr/local/avr8-gnu-toolchain-linux_x86_64/bin/../lib/gcc/avr/5.4.0/../../../../avr/lib/avr35/libc.a(vfprintf_std.o)
                                                  /usr/local/avr8-gnu-toolchain-linux_x86_64/bin/../lib/gcc/avr/5.4.0/../../../../avr/lib/avr35/libc.a(fprintf.o)
__stack                                           /usr/local/avr8-gnu-toolchain-linux_x86_64/bin/../lib/gcc/avr/5.4.0/../../../../avr/lib/avr35/crtatmega8u2.o
__tablejump2__                                    /usr/local/avr8-gnu-toolchain-linux_x86_64/bin/../lib/gcc/avr/5.4.0/avr35/libgcc.a(_tablejump2.o)
                                                  LUFA/Drivers/USB/Core/DeviceStandardReq.o
__udivmodhi4                                      /usr/local/avr8-gnu-toolchain-linux_x86_64/bin/../lib/gcc/avr/5.4.0/avr35/libgcc.a(_udivmodhi4.o)
                                                  reflow.o
__ultoa_invert                                    /usr/local/avr8-gnu-toolchain-linux_x86_64/bin/../lib/gcc/avr/5.4.0/../../../../avr/lib/avr35/libc.a(ultoa_invert.o)
                                                  /usr/local/avr8-gnu-toolchain-linux_x86_64/bin/../lib/gcc/avr/5.4.0/../../../../avr/lib/avr35/libc.a(vfprintf_std.o)
__vector_1                                        /usr/local/avr8-gnu-toolchain-linux_x86_64/bin/../lib/gcc/avr/5.4.0/../../../../avr/lib/avr35/crtatmega8u2.o
__vector_10                                       /usr/local/avr8-gnu-toolchain-linux_x86_64/bin/../lib/gcc/avr/5.4.0/../../../../avr/lib/avr35/crtatmega8u2.o
__vector_11                                       LUFA/Drivers/USB/Core/AVR8/USBInterrupt_AVR8.o
                                                  /usr/local/avr8-gnu-toolchain-linux_x86_64/bin/../lib/gcc/avr/5.4.0/../../../../avr/lib/avr35/crtatmega8u2.o
__vector_12                                       LUFA/Drivers/USB/Core/AVR8/USBInterrupt_AVR8.o
                                                  /usr/local/avr8-gnu-toolchain-linux_x86_64/bin/../lib/gcc/avr/5.4.0/../../../../avr/lib/avr35/crtatmega8u2.o
__vector_13                                       /usr/local/avr8-gnu-toolchain-linux_x86_64/bin/../lib/gcc/avr/5.4.0/../../../../avr/lib/avr35/crtatmega8u2.o
__vector_14                                       /usr/local/avr8-gnu-toolchain-linux_x86_64/bin/../lib/gcc/avr/5.4.0/../../../../avr/lib/avr35/crtatmega8u2.o
__vector_15                                       /usr/local/avr8-gnu-toolchain-linux_x86_64/bin/../lib/gcc/avr/5.4.0/../../../../avr/lib/avr35/crtatmega8u2.o
__vector_16                                       reflow.o
                                                  /usr/local/avr8-gnu-toolchain-linux_x86_64/bin/../lib/gcc/avr/5.4.0/../../../../avr/lib/avr35/crtatmega8u2.o
__vector_17                                       /usr/local/avr8-gnu-toolchain-linux_x86_64/bin/../lib/gcc/avr/5.4.0/../../../../avr/lib/avr35/crtatmega8u2.o
__vector_18                                       /usr/local/avr8-gnu-toolchain-linux_x86_64/bin/../lib/gcc/avr/5.4.0/../../../../avr/lib/avr35/crtatmega8u2.o
__vector_19                                       /usr/local/avr8-gnu-toolchain-linux_x86_64/bin/../lib/gcc/avr/5.4.0/../../../../avr/lib/avr35/crtatmega8u2.o
__vector_2                                        /usr/local/avr8-gnu-toolchain-linux_x86_64/bin/../lib/gcc/avr/5.4.0/../../../../avr/lib/avr35/crtatmega8u2.o
__vector_20                                       /usr/local/avr8-gnu-toolchain-linux_x86_64/bin/../lib/gcc/avr/5.4.0/../../../../avr/lib/avr35/crtatmega8u2.o
__vector_21                                       /usr/local/avr8-gnu-toolchain-linux_x86_64/bin/../lib/gcc/avr/5.4.0/../../../../avr/lib/avr35/crtatmega8u2.o
__vector_22                                       /usr/local/avr8-gnu-toolchain-linux_x86_64/bin/../lib/gcc/avr/5.4.0/../../../../avr/lib/avr35/crtatmega8u2.o
__vector_23                                       /usr/local/avr8-gnu-toolchain-linux_x86_64/bin/../lib/gcc/avr/5.4.0/../../../../avr/lib/avr35/crtatmega8u2.o
__vector_24                                       /usr/local/avr8-gnu-toolchain-linux_x86_64/bin/../lib/gcc/avr/5.4.0/../../../../avr/lib/avr35/crtatmega8u2.o
__vector_25                                       /usr/local/avr8-gnu-toolchain-linux_x86_64/bin/../lib/gcc/avr/5.4.0/../../../../avr/lib/avr35/crtatmega8u2.o
__vector_26                                       /usr/local/avr8-gnu-toolchain-linux_x86_64/bin/../lib/gcc/avr/5.4.0/../../../../avr/lib/avr35/crtatmega8u2.o
__vector_27                                       /usr/local/avr8-gnu-toolchain-linux_x86_64/bin/../lib/gcc/avr/5.4.0/../../../../avr/lib/avr35/crtatmega8u2.o
__vector_28                                       /usr/local/avr8-gnu-toolchain-linux_x86_64/bin/../lib/gcc/avr/5.4.0/../../../../avr/lib/avr35/crtatmega8u2.o
__vector_3                                        /usr/local/avr8-gnu-toolchain-linux_x86_64/bin/../lib/gcc/avr/5.4.0/../../../../avr/lib/avr35/crtatmega8u2.o
__vector_4                                        /usr/local/avr8-gnu-toolchain-linux_x86_64/bin/../lib/gcc/avr/5.4.0/../../../../avr/lib/avr35/crtatmega8u2.o
__vector_5                                        /usr/local/avr8-gnu-toolchain-linux_x86_64/bin/../lib/gcc/avr/5.4.0/../../../../avr/lib/avr35/crtatmega8u2.o
__vector_6                                        /usr/local/avr8-gnu-toolchain-linux_x86_64/bin/../lib/gcc/avr/5.4.0/../../../../avr/lib/avr35/crtatmega8u2.o
__vector_7                                        /usr/local/avr8-gnu-toolchain-linux_x86_64/bin/../lib/gcc/avr/5.4.0/../../../../avr/lib/avr35/crtatmega8u2.o
__vector_8                                        /usr/local/avr8-gnu-toolchain-linux_x86_64/bin/../lib/gcc/avr/5.4.0/../../../../avr/lib/avr35/crtatmega8u2.o
__vector_9                                        /usr/local/avr8-gnu-toolchain-linux_x86_64/bin/../lib/gcc/avr/5.4.0/../../../../avr/lib/avr35/crtatmega8u2.o
__vector_default                                  /usr/local/avr8-gnu-toolchain-linux_x86_64/bin/../lib/gcc/avr/5.4.0/../../../../avr/lib/avr35/crtatmega8u2.o
__vectors                                         /usr/local/avr8-gnu-toolchain-linux_x86_64/bin/../lib/gcc/avr/5.4.0/../../../../avr/lib/avr35/crtatmega8u2.o
_exit                                             /usr/local/avr8-gnu-toolchain-linux_x86_64/bin/../lib/gcc/avr/5.4.0/avr35/libgcc.a(_exit.o)
approx_pwm                                        reflow.o
eeprom_read_block                                 /usr/local/avr8-gnu-toolchain-linux_x86_64/bin/../lib/gcc/avr/5.4.0/../../../../avr/lib/avr35/libatmega8u2.a(eerd_block.o)
                                                  reflow.o
eeprom_read_blraw                                 /usr/local/avr8-gnu-toolchain-linux_x86_64/bin/../lib/gcc/avr/5.4.0/../../../../avr/lib/avr35/libatmega8u2.a(eerd_block.o)
eeprom_read_byte                                  /usr/local/avr8-gnu-toolchain-linux_x86_64/bin/../lib/gcc/avr/5.4.0/../../../../avr/lib/avr35/libatmega8u2.a(eerd_byte.o)
                                                  LUFA/Drivers/USB/Core/AVR8/EndpointStream_AVR8.o
eeprom_update_block                               /usr/local/avr8-gnu-toolchain-linux_x86_64/bin/../lib/gcc/avr/5.4.0/../../../../avr/lib/avr35/libatmega8u2.a(eeupd_block.o)
                                                  reflow.o
eeprom_update_byte                                /usr/local/avr8-gnu-toolchain-linux_x86_64/bin/../lib/gcc/avr/5.4.0/../../../../avr/lib/avr35/libatmega8u2.a(eeupd_byte.o)
                                                  LUFA/Drivers/USB/Core/AVR8/EndpointStream_AVR8.o
eeprom_update_r18                                 /usr/local/avr8-gnu-toolchain-linux_x86_64/bin/../lib/gcc/avr/5.4.0/../../../../avr/lib/avr35/libatmega8u2.a(eeupd_byte.o)
                                                  /usr/local/avr8-gnu-toolchain-linux_x86_64/bin/../lib/gcc/avr/5.4.0/../../../../avr/lib/avr35/libatmega8u2.a(eeupd_block.o)
exit                                              /usr/local/avr8-gnu-toolchain-linux_x86_64/bin/../lib/gcc/avr/5.4.0/avr35/libgcc.a(_exit.o)
                                                  /usr/local/avr8-gnu-toolchain-linux_x86_64/bin/../lib/gcc/avr/5.4.0/../../../../avr/lib/avr35/crtatmega8u2.o
fgetc                                             /usr/local/avr8-gnu-toolchain-linux_x86_64/bin/../lib/gcc/avr/5.4.0/../../../../avr/lib/avr35/libc.a(fgetc.o)
                                                  reflow.o
fprintf                                           /usr/local/avr8-gnu-toolchain-linux_x86_64/bin/../lib/gcc/avr/5.4.0/../../../../avr/lib/avr35/libc.a(fprintf.o)
                                                  reflow.o
fputc                                             /usr/local/avr8-gnu-toolchain-linux_x86_64/bin/../lib/gcc/avr/5.4.0/../../../../avr/lib/avr35/libc.a(fputc.o)
                                                  /usr/local/avr8-gnu-toolchain-linux_x86_64/bin/../lib/gcc/avr/5.4.0/../../../../avr/lib/avr35/libc.a(vfprintf_std.o)
                                                  reflow.o
main                                              reflow.o
                                                  /usr/local/avr8-gnu-toolchain-linux_x86_64/bin/../lib/gcc/avr/5.4.0/../../../../avr/lib/avr35/crtatmega8u2.o
memcmp                                            /usr/local/avr8-gnu-toolchain-linux_x86_64/bin/../lib/gcc/avr/5.4.0/../../../../avr/lib/avr35/libc.a(memcmp.o)
                                                  LUFA/Drivers/USB/Class/Device/HIDClassDevice.o
memcpy                                            /usr/local/avr8-gnu-toolchain-linux_x86_64/bin/../lib/gcc/avr/5.4.0/../../../../avr/lib/avr35/libc.a(memcpy.o)
                                                  LUFA/Drivers/USB/Class/Device/RNDISClassDevice.o
                                                  LUFA/Drivers/USB/Class/Device/HIDClassDevice.o
memcpy_P                                          /usr/local/avr8-gnu-toolchain-linux_x86_64/bin/../lib/gcc/avr/5.4.0/../../../../avr/lib/avr35/libc.a(memcpy_P.o)
                                                  LUFA/Drivers/USB/Class/Device/RNDISClassDevice.o
memset                                            /usr/local/avr8-gnu-toolchain-linux_x86_64/bin/../lib/gcc/avr/5.4.0/../../../../avr/lib/avr35/libc.a(memset.o)
                                                  LUFA/Drivers/USB/Class/Device/HIDClassDevice.o
output_profile                                    reflow.o
pid                                               reflow.o
read_sensor                                       reflow.o
set_profile                                       reflow.o
setupHardware                                     reflow.o
strnlen                                           /usr/local/avr8-gnu-toolchain-linux_x86_64/bin/../lib/gcc/avr/5.4.0/../../../../avr/lib/avr35/libc.a(strnlen.o)
                                                  /usr/local/avr8-gnu-toolchain-linux_x86_64/bin/../lib/gcc/avr/5.4.0/../../../../avr/lib/avr35/libc.a(vfprintf_std.o)
strnlen_P                                         /usr/local/avr8-gnu-toolchain-linux_x86_64/bin/../lib/gcc/avr/5.4.0/../../../../avr/lib/avr35/libc.a(strnlen_P.o)
                                                  /usr/local/avr8-gnu-toolchain-linux_x86_64/bin/../lib/gcc/avr/5.4.0/../../../../avr/lib/avr35/libc.a(vfprintf_std.o)
target_temp                                       reflow.o
usb_rx                                            reflow.o
vfprintf                                          /usr/local/avr8-gnu-toolchain-linux_x86_64/bin/../lib/gcc/avr/5.4.0/../../../../avr/lib/avr35/libc.a(vfprintf_std.o)
                                                  /usr/local/avr8-gnu-toolchain-linux_x86_64/bin/../lib/gcc/avr/5.4.0/../../../../avr/lib/avr35/libc.a(fprintf.o)
write_profile                                     reflow.o
